Microchip MPLAB XC8 Compiler V1.37 ()

Linker command line:

-W-3 --edf=/Applications/microchip/xc8/v1.37/dat/en_msgs.txt -cs \
  -h+dist/default/production/CAiRO-servocon.X.production.sym \
  --cmf=dist/default/production/CAiRO-servocon.X.production.cmf -z \
  -Q16F1827 -o/tmp/xcTQfkIIS \
  -Mdist/default/production/CAiRO-servocon.X.production.map -E1 -ver=XC8 \
  -ASTACK=02082h-0216fh -pstack=STACK -ACODE=00h-07FFhx2 \
  -ASTRCODE=00h-0FFFh -ASTRING=00h-0FFhx16 -ACONST=00h-0FFhx16 \
  -AENTRY=00h-0FFhx16 -ACOMMON=070h-07Fh -ABANK0=020h-06Fh \
  -ABANK1=0A0h-0EFh -ABANK2=0120h-016Fh -ABANK3=01A0h-01EFh \
  -ABANK4=0220h-024Fh -ABIGRAM=02000h-0216Fh \
  -ARAM=020h-06Fh,0A0h-0EFh,0120h-016Fh,01A0h-01EFh,0220h-024Fh \
  -AABS1=020h-07Fh,0A0h-0EFh,0120h-016Fh,01A0h-01EFh,0220h-024Fh \
  -ASFR0=00h-01Fh -ASFR1=080h-09Fh -ASFR2=0100h-011Fh -ASFR3=0180h-019Fh \
  -ASFR4=0200h-021Fh -ASFR5=0280h-02EFh -ASFR6=0300h-036Fh \
  -ASFR7=0380h-03EFh -ASFR8=0400h-046Fh -ASFR9=0480h-04EFh \
  -ASFR10=0500h-056Fh -ASFR11=0580h-05EFh -ASFR12=0600h-066Fh \
  -ASFR13=0680h-06EFh -ASFR14=0700h-076Fh -ASFR15=0780h-07EFh \
  -ASFR16=0800h-086Fh -ASFR17=0880h-08EFh -ASFR18=0900h-096Fh \
  -ASFR19=0980h-09EFh -ASFR20=0A00h-0A6Fh -ASFR21=0A80h-0AEFh \
  -ASFR22=0B00h-0B6Fh -ASFR23=0B80h-0BEFh -ASFR24=0C00h-0C6Fh \
  -ASFR25=0C80h-0CEFh -ASFR26=0D00h-0D6Fh -ASFR27=0D80h-0DEFh \
  -ASFR28=0E00h-0E6Fh -ASFR29=0E80h-0EEFh -ASFR30=0F00h-0F6Fh \
  -ASFR31=0F80h-0FEFh -preset_vec=00h,intentry=04h,init,end_init \
  -ppowerup=CODE -pcinit=CODE -pfunctab=CODE -ACONFIG=08007h-08008h \
  -pconfig=CONFIG -DCONFIG=2 -AIDLOC=08000h-08003h -pidloc=IDLOC -DIDLOC=2 \
  -AEEDATA=00h-0FFh/0F000h -peeprom_data=EEDATA -DEEDATA=2 -DCODE=2 \
  -DSTRCODE=2 -DSTRING=2 -DCONST=2 -DENTRY=2 -k /tmp/xcLEdUrSg.obj \
  dist/default/production/CAiRO-servocon.X.production.obj 

Object code version is 3.11

Machine type is 16F1827



                Name                               Link     Load   Length Selector   Space Scale
/tmp/xcLEdUrSg.obj
                end_init                             68       68        2        8       0
                reset_vec                             0        0        2        0       0
                config                             8007     8007        2    1000E       0
dist/default/production/CAiRO-servocon.X.production.obj
                cinit                                6A       6A       23        8       0
                intentry                              4        4       64        8       0
                text25                              339      339       15        8       0
                text24                              38E      38E        A        8       0
                text23                              384      384        A        8       0
                text22                              269      269       30        8       0
                text21                              239      239       30        8       0
                text20                              209      209       30        8       0
                text19                              1D9      1D9       30        8       0
                text18                               CC       CC       39        8       0
                text16                              39F      39F        7        8       0
                text15                              3AC      3AC        5        8       0
                text14                              1A4      1A4       35        8       0
                text13                              30B      30B       18        8       0
                text12                              16F      16F       35        8       0
                text11                              2C1      2C1       1A        8       0
                text10                              13A      13A       35        8       0
                text9                               2F3      2F3       18        8       0
                text8                               2DB      2DB       18        8       0
                text7                               34E      34E       13        8       0
                text6                               398      398        7        8       0
                text5                               361      361       12        8       0
                text4                               323      323       16        8       0
                text3                               373      373       11        8       0
                text2                               299      299       28        8       0
                text1                               105      105       35        8       0
                maintext                             8D       8D       3F        8       0
                cstackBANK0                          3D       3D        B       20       1
                cstackCOMMON                         70       70        D       70       1
                clrtext                             3A6      3A6        6        8       0
                bssBANK1                             A0       A0       32       A0       1
                dataBANK0                            48       48        4       20       1
                bssBANK0                             20       20       1D       20       1
                nvBANK0                              4C       4C        1       20       1
                idataBANK0                          3B1      3B1        4        8       0

TOTAL           Name                               Link     Load   Length     Space
        CLASS   STACK          

        CLASS   CODE           
                end_init                             68       68        2         0
                cinit                                6A       6A       23         0
                intentry                              4        4       64         0
                reset_vec                             0        0        2         0
                text25                              339      339       15         0
                text24                              38E      38E        A         0
                text23                              384      384        A         0
                text22                              269      269       30         0
                text21                              239      239       30         0
                text20                              209      209       30         0
                text19                              1D9      1D9       30         0
                text18                               CC       CC       39         0
                text16                              39F      39F        7         0
                text15                              3AC      3AC        5         0
                text14                              1A4      1A4       35         0
                text13                              30B      30B       18         0
                text12                              16F      16F       35         0
                text11                              2C1      2C1       1A         0
                text10                              13A      13A       35         0
                text9                               2F3      2F3       18         0
                text8                               2DB      2DB       18         0
                text7                               34E      34E       13         0
                text6                               398      398        7         0
                text5                               361      361       12         0
                text4                               323      323       16         0
                text3                               373      373       11         0
                text2                               299      299       28         0
                text1                               105      105       35         0
                maintext                             8D       8D       3F         0
                clrtext                             3A6      3A6        6         0
                idataBANK0                          3B1      3B1        4         0

        CLASS   STRCODE        

        CLASS   STRING         

        CLASS   CONST          

        CLASS   ENTRY          

        CLASS   COMMON         
                cstackCOMMON                         70       70        D         1

        CLASS   BANK0          
                cstackBANK0                          3D       3D        B         1
                dataBANK0                            48       48        4         1
                bssBANK0                             20       20       1D         1
                nvBANK0                              4C       4C        1         1

        CLASS   BANK1          
                bssBANK1                             A0       A0       32         1

        CLASS   BANK2          

        CLASS   BANK3          

        CLASS   BANK4          

        CLASS   BIGRAM         

        CLASS   RAM            

        CLASS   ABS1           
                abs_s1                               7E       7E        2         1

        CLASS   SFR0           

        CLASS   SFR1           

        CLASS   SFR2           

        CLASS   SFR3           

        CLASS   SFR4           

        CLASS   SFR5           

        CLASS   SFR6           

        CLASS   SFR7           

        CLASS   SFR8           

        CLASS   SFR9           

        CLASS   SFR10          

        CLASS   SFR11          

        CLASS   SFR12          

        CLASS   SFR13          

        CLASS   SFR14          

        CLASS   SFR15          

        CLASS   SFR16          

        CLASS   SFR17          

        CLASS   SFR18          

        CLASS   SFR19          

        CLASS   SFR20          

        CLASS   SFR21          

        CLASS   SFR22          

        CLASS   SFR23          

        CLASS   SFR24          

        CLASS   SFR25          

        CLASS   SFR26          

        CLASS   SFR27          

        CLASS   SFR28          

        CLASS   SFR29          

        CLASS   SFR30          

        CLASS   SFR31          

        CLASS   CONFIG         
                config                             8007     8007        2         0

        CLASS   IDLOC          

        CLASS   EEDATA         

        CLASS   BANK31         

        CLASS   BANK30         

        CLASS   BANK29         

        CLASS   BANK28         

        CLASS   BANK27         

        CLASS   BANK26         

        CLASS   BANK25         

        CLASS   BANK24         

        CLASS   BANK23         

        CLASS   BANK22         

        CLASS   BANK21         

        CLASS   BANK20         

        CLASS   BANK19         

        CLASS   BANK18         

        CLASS   BANK17         

        CLASS   BANK16         

        CLASS   BANK15         

        CLASS   BANK14         

        CLASS   BANK13         

        CLASS   BANK12         

        CLASS   BANK11         

        CLASS   BANK10         

        CLASS   BANK9          

        CLASS   BANK8          

        CLASS   BANK7          

        CLASS   BANK6          

        CLASS   BANK5          



SEGMENTS        Name                           Load    Length   Top    Selector   Space  Class     Delta

                reset_vec                      000000  000002  000002         0       0  CODE        2
                intentry                       000004  0003B1  0003B5         8       0  CODE        2
                bssBANK0                       000020  00002D  00004D        20       1  BANK0       1
                cstackCOMMON                   000070  00000D  00007D        70       1  COMMON      1
                bssBANK1                       0000A0  000032  0000D2        A0       1  BANK1       1
                config                         008007  000002  008009     1000E       0  CONFIG      2


UNUSED ADDRESS RANGES

        Name                Unused          Largest block    Delta
        BANK0            0004D-0006F              23           1
        BANK1            000D2-000EF              1E           1
        BANK2            00120-0016F              50           1
        BANK3            001A0-001EF              50           1
        BANK4            00220-0024F              30           1
        BIGRAM           02000-0216F             170           1
        CODE             00002-00003               2           2
                         003B5-00FFF             44B
        COMMON           0007D-0007D               1           1
        CONST            00002-00003               2           2
                         003B5-00FFF             100
        EEDATA           0F000-0F0FF             100           2
        ENTRY            00002-00003               2           2
                         003B5-00FFF             100
        IDLOC            08000-08003               4           2
        RAM              0004D-0006F              23           1
                         000D2-000EF              1E
                         00120-0016F              50
                         001A0-001EF              50
                         00220-0024F              30
        SFR0             00000-0001F              20           1
        SFR1             00080-0009F              20           1
        SFR10            00500-0056F              70           1
        SFR11            00580-005EF              70           1
        SFR12            00600-0066F              70           1
        SFR13            00680-006EF              70           1
        SFR14            00700-0076F              70           1
        SFR15            00780-007EF              70           1
        SFR16            00800-0086F              70           1
        SFR17            00880-008EF              70           1
        SFR18            00900-0096F              70           1
        SFR19            00980-009EF              70           1
        SFR2             00100-0011F              20           1
        SFR20            00A00-00A6F              70           1
        SFR21            00A80-00AEF              70           1
        SFR22            00B00-00B6F              70           1
        SFR23            00B80-00BEF              70           1
        SFR24            00C00-00C6F              70           1
        SFR25            00C80-00CEF              70           1
        SFR26            00D00-00D6F              70           1
        SFR27            00D80-00DEF              70           1
        SFR28            00E00-00E6F              70           1
        SFR29            00E80-00EEF              70           1
        SFR3             00180-0019F              20           1
        SFR30            00F00-00F6F              70           1
        SFR31            00F80-00FEF              70           1
        SFR4             00200-0021F              20           1
        SFR5             00280-002EF              70           1
        SFR6             00300-0036F              70           1
        SFR7             00380-003EF              70           1
        SFR8             00400-0046F              70           1
        SFR9             00480-004EF              70           1
        STACK            02082-0216F              EE           1
        STRCODE          00002-00003               2           2
                         003B5-00FFF             C4B
        STRING           00002-00003               2           2
                         003B5-00FFF             100

                                  Symbol Table

_ANSELA                  (abs)        0018C
_ANSELB                  (abs)        0018D
_BRG16                   (abs)        00CFB
_BRGH                    (abs)        00CF2
_CCP1CON                 (abs)        00293
_CCP2CON                 (abs)        0029A
_CCP2SEL                 (abs)        008EB
_CCP3CON                 (abs)        00313
_CCP4CON                 (abs)        0031A
_CCPR1L                  (abs)        00291
_CCPR2L                  (abs)        00298
_CCPR3L                  (abs)        00311
_CCPR4L                  (abs)        00318
_CCPTMRS                 (abs)        0029E
_CREN                    (abs)        00CEC
_GIE                     (abs)        0005F
_IRCF0                   (abs)        004CB
_IRCF1                   (abs)        004CC
_IRCF2                   (abs)        004CD
_IRCF3                   (abs)        004CE
_ISR                     intentry     00004
_OSCTUNE                 (abs)        00098
_PEIE                    (abs)        0005E
_PORTA                   (abs)        0000C
_PORTB                   (abs)        0000D
_PR6                     (abs)        0041D
_RCIE                    (abs)        0048D
_RCIF                    (abs)        0008D
_RCREG                   (abs)        00199
_RXDTSEL                 (abs)        008EF
_SPBRG                   (abs)        0019B
_SPEN                    (abs)        00CEF
_SYNC                    (abs)        00CF4
_T6CON                   (abs)        0041E
_TMR6IF                  (abs)        0009B
_TRISA                   (abs)        0008C
_TRISB                   (abs)        0008D
_TRMT                    (abs)        00CF1
_TXCKSEL                 (abs)        008F0
_TXEN                    (abs)        00CF5
_TXREG                   (abs)        0019A
_WPUB                    (abs)        0020D
__CFG_BOREN$OFF          (abs)        00000
__CFG_BORV$LO            (abs)        00000
__CFG_CLKOUTEN$OFF       (abs)        00000
__CFG_CP$OFF             (abs)        00000
__CFG_CPD$OFF            (abs)        00000
__CFG_FCMEN$OFF          (abs)        00000
__CFG_FOSC$INTOSC        (abs)        00000
__CFG_IESO$OFF           (abs)        00000
__CFG_LVP$OFF            (abs)        00000
__CFG_MCLRE$ON           (abs)        00000
__CFG_PLLEN$ON           (abs)        00000
__CFG_PWRTE$OFF          (abs)        00000
__CFG_STVREN$OFF         (abs)        00000
__CFG_WDTE$OFF           (abs)        00000
__CFG_WRT$OFF            (abs)        00000
__Habs1                  abs1         00000
__Hbank0                 bank0        00000
__Hbank1                 bank1        00000
__Hbank10                bank10       00000
__Hbank11                bank11       00000
__Hbank12                bank12       00000
__Hbank13                bank13       00000
__Hbank14                bank14       00000
__Hbank15                bank15       00000
__Hbank16                bank16       00000
__Hbank17                bank17       00000
__Hbank18                bank18       00000
__Hbank19                bank19       00000
__Hbank2                 bank2        00000
__Hbank20                bank20       00000
__Hbank21                bank21       00000
__Hbank22                bank22       00000
__Hbank23                bank23       00000
__Hbank24                bank24       00000
__Hbank25                bank25       00000
__Hbank26                bank26       00000
__Hbank27                bank27       00000
__Hbank28                bank28       00000
__Hbank29                bank29       00000
__Hbank3                 bank3        00000
__Hbank30                bank30       00000
__Hbank31                bank31       00000
__Hbank4                 bank4        00000
__Hbank5                 bank5        00000
__Hbank6                 bank6        00000
__Hbank7                 bank7        00000
__Hbank8                 bank8        00000
__Hbank9                 bank9        00000
__Hbigram                bigram       00000
__HbssBANK0              bssBANK0     00000
__HbssBANK1              bssBANK1     00000
__Hcinit                 cinit        0008D
__Hclrtext               clrtext      00000
__Hcode                  code         00000
__Hcommon                common       00000
__Hconfig                config       08009
__HcstackBANK0           cstackBANK0  00000
__HcstackCOMMON          cstackCOMMON 00000
__HdataBANK0             dataBANK0    00000
__Heeprom_data           eeprom_data  00000
__Hend_init              end_init     0006A
__Hfunctab               functab      00000
__HidataBANK0            idataBANK0   00000
__Hidloc                 idloc        00000
__Hinit                  init         00068
__Hintentry              intentry     00068
__Hmaintext              maintext     00000
__HnvBANK0               nvBANK0      00000
__Hpowerup               powerup      00000
__Hram                   ram          00000
__Hreset_vec             reset_vec    00002
__Hsfr0                  sfr0         00000
__Hsfr1                  sfr1         00000
__Hsfr10                 sfr10        00000
__Hsfr11                 sfr11        00000
__Hsfr12                 sfr12        00000
__Hsfr13                 sfr13        00000
__Hsfr14                 sfr14        00000
__Hsfr15                 sfr15        00000
__Hsfr16                 sfr16        00000
__Hsfr17                 sfr17        00000
__Hsfr18                 sfr18        00000
__Hsfr19                 sfr19        00000
__Hsfr2                  sfr2         00000
__Hsfr20                 sfr20        00000
__Hsfr21                 sfr21        00000
__Hsfr22                 sfr22        00000
__Hsfr23                 sfr23        00000
__Hsfr24                 sfr24        00000
__Hsfr25                 sfr25        00000
__Hsfr26                 sfr26        00000
__Hsfr27                 sfr27        00000
__Hsfr28                 sfr28        00000
__Hsfr29                 sfr29        00000
__Hsfr3                  sfr3         00000
__Hsfr30                 sfr30        00000
__Hsfr31                 sfr31        00000
__Hsfr4                  sfr4         00000
__Hsfr5                  sfr5         00000
__Hsfr6                  sfr6         00000
__Hsfr7                  sfr7         00000
__Hsfr8                  sfr8         00000
__Hsfr9                  sfr9         00000
__Hspace_0               (abs)        08009
__Hspace_1               (abs)        000D2
__Hspace_2               (abs)        00000
__Hspace_3               (abs)        00000
__Hstack                 stack        00000
__Hstrings               strings      00000
__Htext                  text         00000
__Labs1                  abs1         00000
__Lbank0                 bank0        00000
__Lbank1                 bank1        00000
__Lbank10                bank10       00000
__Lbank11                bank11       00000
__Lbank12                bank12       00000
__Lbank13                bank13       00000
__Lbank14                bank14       00000
__Lbank15                bank15       00000
__Lbank16                bank16       00000
__Lbank17                bank17       00000
__Lbank18                bank18       00000
__Lbank19                bank19       00000
__Lbank2                 bank2        00000
__Lbank20                bank20       00000
__Lbank21                bank21       00000
__Lbank22                bank22       00000
__Lbank23                bank23       00000
__Lbank24                bank24       00000
__Lbank25                bank25       00000
__Lbank26                bank26       00000
__Lbank27                bank27       00000
__Lbank28                bank28       00000
__Lbank29                bank29       00000
__Lbank3                 bank3        00000
__Lbank30                bank30       00000
__Lbank31                bank31       00000
__Lbank4                 bank4        00000
__Lbank5                 bank5        00000
__Lbank6                 bank6        00000
__Lbank7                 bank7        00000
__Lbank8                 bank8        00000
__Lbank9                 bank9        00000
__Lbigram                bigram       00000
__LbssBANK0              bssBANK0     00000
__LbssBANK1              bssBANK1     00000
__Lcinit                 cinit        0006A
__Lclrtext               clrtext      00000
__Lcode                  code         00000
__Lcommon                common       00000
__Lconfig                config       08007
__LcstackBANK0           cstackBANK0  00000
__LcstackCOMMON          cstackCOMMON 00000
__LdataBANK0             dataBANK0    00000
__Leeprom_data           eeprom_data  00000
__Lend_init              end_init     00068
__Lfunctab               functab      00000
__LidataBANK0            idataBANK0   00000
__Lidloc                 idloc        00000
__Linit                  init         00068
__Lintentry              intentry     00004
__Lmaintext              maintext     00000
__LnvBANK0               nvBANK0      00000
__Lpowerup               powerup      00000
__Lram                   ram          00000
__Lreset_vec             reset_vec    00000
__Lsfr0                  sfr0         00000
__Lsfr1                  sfr1         00000
__Lsfr10                 sfr10        00000
__Lsfr11                 sfr11        00000
__Lsfr12                 sfr12        00000
__Lsfr13                 sfr13        00000
__Lsfr14                 sfr14        00000
__Lsfr15                 sfr15        00000
__Lsfr16                 sfr16        00000
__Lsfr17                 sfr17        00000
__Lsfr18                 sfr18        00000
__Lsfr19                 sfr19        00000
__Lsfr2                  sfr2         00000
__Lsfr20                 sfr20        00000
__Lsfr21                 sfr21        00000
__Lsfr22                 sfr22        00000
__Lsfr23                 sfr23        00000
__Lsfr24                 sfr24        00000
__Lsfr25                 sfr25        00000
__Lsfr26                 sfr26        00000
__Lsfr27                 sfr27        00000
__Lsfr28                 sfr28        00000
__Lsfr29                 sfr29        00000
__Lsfr3                  sfr3         00000
__Lsfr30                 sfr30        00000
__Lsfr31                 sfr31        00000
__Lsfr4                  sfr4         00000
__Lsfr5                  sfr5         00000
__Lsfr6                  sfr6         00000
__Lsfr7                  sfr7         00000
__Lsfr8                  sfr8         00000
__Lsfr9                  sfr9         00000
__Lspace_0               (abs)        00000
__Lspace_1               (abs)        00000
__Lspace_2               (abs)        00000
__Lspace_3               (abs)        00000
__Lstack                 stack        00000
__Lstrings               strings      00000
__Ltext                  text         00000
__S0                     (abs)        08009
__S1                     (abs)        000D2
__S2                     (abs)        00000
__S3                     (abs)        00000
___int_sp                stack        00000
___latbits               (abs)        00001
___sp                    stack        00000
__end_of_ISR             intentry     00068
__end_of__initialization cinit        00089
__end_of_getData         text25       0034E
__end_of_getPicAddr      text24       00398
__end_of_getSAddr        text23       0038E
__end_of_initFrequency   text16       003A6
__end_of_initInt         text15       003B1
__end_of_initPWM1        text13       00323
__end_of_initPWM2        text11       002DB
__end_of_initPWM3        text9        0030B
__end_of_initPWM4        text8        002F3
__end_of_initRegisters   text7        00361
__end_of_initTMR6        text6        0039F
__end_of_initUART        text5        00373
__end_of_initVariables   text2        002C1
__end_of_main            maintext     000CC
__end_of_memset          text4        00339
__end_of_ringbufferInit  text3        00384
__end_of_setDutyPWM1     text14       001D9
__end_of_setDutyPWM2     text12       001A4
__end_of_setDutyPWM3     text10       0016F
__end_of_setDutyPWM4     text1        0013A
__end_of_setServo        text18       00105
__end_ofi1_setDutyPWM1   text22       00299
__end_ofi1_setDutyPWM2   text21       00269
__end_ofi1_setDutyPWM3   text20       00239
__end_ofi1_setDutyPWM4   text19       00209
__initialization         cinit        0006A
__pbssBANK0              bssBANK0     00020
__pbssBANK1              bssBANK1     000A0
__pcstackBANK0           cstackBANK0  0003D
__pcstackCOMMON          cstackCOMMON 00070
__pdataBANK0             dataBANK0    00048
__pidataBANK0            idataBANK0   003B1
__pintentry              intentry     00004
__pmaintext              maintext     0008D
__pnvBANK0               nvBANK0      0004C
__ptext1                 text1        00105
__ptext10                text10       0013A
__ptext11                text11       002C1
__ptext12                text12       0016F
__ptext13                text13       0030B
__ptext14                text14       001A4
__ptext15                text15       003AC
__ptext16                text16       0039F
__ptext18                text18       000CC
__ptext19                text19       001D9
__ptext2                 text2        00299
__ptext20                text20       00209
__ptext21                text21       00239
__ptext22                text22       00269
__ptext23                text23       00384
__ptext24                text24       0038E
__ptext25                text25       00339
__ptext3                 text3        00373
__ptext4                 text4        00323
__ptext5                 text5        00361
__ptext6                 text6        00398
__ptext7                 text7        0034E
__ptext8                 text8        002DB
__ptext9                 text9        002F3
__size_of_ISR            (abs)        00000
__size_of_getData        (abs)        00000
__size_of_getPicAddr     (abs)        00000
__size_of_getSAddr       (abs)        00000
__size_of_initFrequency  (abs)        00000
__size_of_initInt        (abs)        00000
__size_of_initPWM1       (abs)        00000
__size_of_initPWM2       (abs)        00000
__size_of_initPWM3       (abs)        00000
__size_of_initPWM4       (abs)        00000
__size_of_initRegisters  (abs)        00000
__size_of_initTMR6       (abs)        00000
__size_of_initUART       (abs)        00000
__size_of_initVariables  (abs)        00000
__size_of_main           (abs)        00000
__size_of_memset         (abs)        00000
__size_of_ringbufferInit (abs)        00000
__size_of_setDutyPWM1    (abs)        00000
__size_of_setDutyPWM2    (abs)        00000
__size_of_setDutyPWM3    (abs)        00000
__size_of_setDutyPWM4    (abs)        00000
__size_of_setServo       (abs)        00000
__size_ofi1_setDutyPWM1  (abs)        00000
__size_ofi1_setDutyPWM2  (abs)        00000
__size_ofi1_setDutyPWM3  (abs)        00000
__size_ofi1_setDutyPWM4  (abs)        00000
_arg0buff                bssBANK0     00022
_arg1buff                bssBANK0     0002B
_cmdbuff                 bssBANK0     00034
_dat0                    dataBANK0    00048
_dat1                    dataBANK0    0004A
_getData                 text25       00339
_getPicAddr              text24       0038E
_getSAddr                text23       00384
_initFrequency           text16       0039F
_initInt                 text15       003AC
_initPWM1                text13       0030B
_initPWM2                text11       002C1
_initPWM3                text9        002F3
_initPWM4                text8        002DB
_initRegisters           text7        0034E
_initTMR6                text6        00398
_initUART                text5        00361
_initVariables           text2        00299
_main                    maintext     0008D
_memset                  text4        00323
_nWPUEN                  (abs)        004AF
_ringbufferInit          text3        00373
_setDutyPWM1             text14       001A4
_setDutyPWM2             text12       0016F
_setDutyPWM3             text10       0013A
_setDutyPWM4             text1        00105
_setServo                text18       000CC
_status                  bssBANK0     00020
_uart_rec_buff           nvBANK0      0004C
_uart_rec_buff_          bssBANK1     000A0
_usestr                  bssBANK0     00021
btemp                    (abs)        0007E
clear_ram0               clrtext      003A6
end_of_initialization    cinit        00089
getData@d0               cstackCOMMON 00073
getData@d1               cstackCOMMON 00070
getData@ret              cstackCOMMON 00074
getPicAddr@d0            cstackCOMMON 00072
getPicAddr@d1            cstackCOMMON 00070
getSAddr@d0              cstackCOMMON 00072
getSAddr@d1              cstackCOMMON 00070
i1_setDutyPWM1           text22       00269
i1_setDutyPWM2           text21       00239
i1_setDutyPWM3           text20       00209
i1_setDutyPWM4           text19       001D9
i1setDutyPWM1@duty       cstackCOMMON 00070
i1setDutyPWM2@duty       cstackCOMMON 00070
i1setDutyPWM3@duty       cstackCOMMON 00070
i1setDutyPWM4@duty       cstackCOMMON 00070
int$flags                (abs)        0007E
intlevel0                functab      00000
intlevel1                functab      00000
intlevel2                functab      00000
intlevel3                functab      00000
intlevel4                functab      00000
intlevel5                functab      00000
ltemp                    (abs)        0007E
ltemp0                   (abs)        0007E
ltemp1                   (abs)        00082
ltemp2                   (abs)        00086
ltemp3                   (abs)        00080
memset@i                 cstackBANK0  00042
memset@len               cstackBANK0  0003E
memset@str               cstackBANK0  00041
memset@val               cstackBANK0  0003D
reset_vec                reset_vec    00000
ringbufferInit@rb        cstackBANK0  0003D
setDutyPWM1@duty         cstackBANK0  0003D
setDutyPWM2@duty         cstackBANK0  0003D
setDutyPWM3@duty         cstackBANK0  0003D
setDutyPWM4@duty         cstackBANK0  0003D
setServo@id              cstackCOMMON 00078
setServo@val             cstackCOMMON 00075
stackhi                  (abs)        0216F
stacklo                  (abs)        02082
start                    init         00068
start_initialization     cinit        0006A
ttemp                    (abs)        0007E
ttemp0                   (abs)        0007E
ttemp1                   (abs)        00081
ttemp2                   (abs)        00084
ttemp3                   (abs)        00087
ttemp4                   (abs)        0007F
wtemp                    (abs)        0007E
wtemp0                   (abs)        0007E
wtemp1                   (abs)        00080
wtemp2                   (abs)        00082
wtemp3                   (abs)        00084
wtemp4                   (abs)        00086
wtemp5                   (abs)        00088
wtemp6                   (abs)        0007F


FUNCTION INFORMATION:

 *************** function _main *****************
 Defined at:
		line 123 in file "main_v_1_0.c"
 Parameters:    Size  Location     Type
  argc            2    7[BANK0 ] int 
  argv            2    9[BANK0 ] PTR PTR unsigned char 
 Auto vars:     Size  Location     Type
		None
 Return value:  Size  Location     Type
                  2    7[BANK0 ] int 
 Registers used:
		wreg, fsr1l, fsr1h, status,2, status,0, pclath, cstack
 Tracked objects:
		On entry : 
		On exit  : 
		Unchanged: 
 Data sizes:     COMMON   BANK0   BANK1   BANK2   BANK3   BANK4
      Params:         0       4       0       0       0       0
      Locals:         0       0       0       0       0       0
      Temps:          0       0       0       0       0       0
      Totals:         0       4       0       0       0       0
Total ram usage:        4 bytes
 Hardware stack levels required when called:    5
 This function calls:
		_initFrequency
		_initInt
		_initPWM1
		_initPWM2
		_initPWM3
		_initPWM4
		_initRegisters
		_initTMR6
		_initUART
		_initVariables
		_setDutyPWM1
		_setDutyPWM2
		_setDutyPWM3
		_setDutyPWM4
 This function is called by:
		Startup code after reset
 This function uses a non-reentrant model


 *************** function _setDutyPWM4 *****************
 Defined at:
		line 169 in file "main_base.c"
 Parameters:    Size  Location     Type
  duty            2    0[BANK0 ] unsigned int 
 Auto vars:     Size  Location     Type
		None
 Return value:  Size  Location     Type
                  1    wreg      void 
 Registers used:
		wreg, status,2, status,0
 Tracked objects:
		On entry : 
		On exit  : 
		Unchanged: 
 Data sizes:     COMMON   BANK0   BANK1   BANK2   BANK3   BANK4
      Params:         0       2       0       0       0       0
      Locals:         0       0       0       0       0       0
      Temps:          0       2       0       0       0       0
      Totals:         0       4       0       0       0       0
Total ram usage:        4 bytes
 Hardware stack levels used:    1
 Hardware stack levels required when called:    3
 This function calls:
		Nothing
 This function is called by:
		_main
 This function uses a non-reentrant model


 *************** function _initVariables *****************
 Defined at:
		line 48 in file "main_base.c"
 Parameters:    Size  Location     Type
		None
 Auto vars:     Size  Location     Type
		None
 Return value:  Size  Location     Type
                  1    wreg      void 
 Registers used:
		wreg, fsr1l, fsr1h, status,2, status,0, pclath, cstack
 Tracked objects:
		On entry : 
		On exit  : 
		Unchanged: 
 Data sizes:     COMMON   BANK0   BANK1   BANK2   BANK3   BANK4
      Params:         0       0       0       0       0       0
      Locals:         0       0       0       0       0       0
      Temps:          0       1       0       0       0       0
      Totals:         0       1       0       0       0       0
Total ram usage:        1 bytes
 Hardware stack levels used:    1
 Hardware stack levels required when called:    4
 This function calls:
		_memset
		_ringbufferInit
 This function is called by:
		_main
 This function uses a non-reentrant model


 *************** function _ringbufferInit *****************
 Defined at:
		line 13 in file "ringbuffer.c"
 Parameters:    Size  Location     Type
  rb              1    wreg     PTR struct ringbuffer
		 -> uart_rec_buff_(50), 
 Auto vars:     Size  Location     Type
  rb              1    0[BANK0 ] PTR struct ringbuffer
		 -> uart_rec_buff_(50), 
 Return value:  Size  Location     Type
                  1    wreg      PTR struct ringbuffer
 Registers used:
		wreg, fsr1l, fsr1h, status,2, status,0
 Tracked objects:
		On entry : 
		On exit  : 
		Unchanged: 
 Data sizes:     COMMON   BANK0   BANK1   BANK2   BANK3   BANK4
      Params:         0       0       0       0       0       0
      Locals:         0       1       0       0       0       0
      Temps:          0       0       0       0       0       0
      Totals:         0       1       0       0       0       0
Total ram usage:        1 bytes
 Hardware stack levels used:    1
 Hardware stack levels required when called:    3
 This function calls:
		Nothing
 This function is called by:
		_initVariables
 This function uses a non-reentrant model


 *************** function _memset *****************
 Defined at:
		line 13 in file "stdfc.c"
 Parameters:    Size  Location     Type
  str             1    wreg     PTR unsigned char 
		 -> arg1buff(9), arg0buff(9), cmdbuff(9), 
  val             1    0[BANK0 ] unsigned char 
  len             1    1[BANK0 ] unsigned char 
 Auto vars:     Size  Location     Type
  str             1    4[BANK0 ] PTR unsigned char 
		 -> arg1buff(9), arg0buff(9), cmdbuff(9), 
  i               1    5[BANK0 ] unsigned char 
 Return value:  Size  Location     Type
                  1    wreg      void 
 Registers used:
		wreg, fsr1l, fsr1h, status,2, status,0
 Tracked objects:
		On entry : 
		On exit  : 
		Unchanged: 
 Data sizes:     COMMON   BANK0   BANK1   BANK2   BANK3   BANK4
      Params:         0       2       0       0       0       0
      Locals:         0       2       0       0       0       0
      Temps:          0       2       0       0       0       0
      Totals:         0       6       0       0       0       0
Total ram usage:        6 bytes
 Hardware stack levels used:    1
 Hardware stack levels required when called:    3
 This function calls:
		Nothing
 This function is called by:
		_initVariables
 This function uses a non-reentrant model


 *************** function _initUART *****************
 Defined at:
		line 57 in file "main_base.c"
 Parameters:    Size  Location     Type
		None
 Auto vars:     Size  Location     Type
		None
 Return value:  Size  Location     Type
                  1    wreg      void 
 Registers used:
		wreg
 Tracked objects:
		On entry : 
		On exit  : 
		Unchanged: 
 Data sizes:     COMMON   BANK0   BANK1   BANK2   BANK3   BANK4
      Params:         0       0       0       0       0       0
      Locals:         0       0       0       0       0       0
      Temps:          0       0       0       0       0       0
      Totals:         0       0       0       0       0       0
Total ram usage:        0 bytes
 Hardware stack levels used:    1
 Hardware stack levels required when called:    3
 This function calls:
		Nothing
 This function is called by:
		_main
 This function uses a non-reentrant model


 *************** function _initTMR6 *****************
 Defined at:
		line 76 in file "main_base.c"
 Parameters:    Size  Location     Type
		None
 Auto vars:     Size  Location     Type
		None
 Return value:  Size  Location     Type
                  1    wreg      void 
 Registers used:
		wreg
 Tracked objects:
		On entry : 
		On exit  : 
		Unchanged: 
 Data sizes:     COMMON   BANK0   BANK1   BANK2   BANK3   BANK4
      Params:         0       0       0       0       0       0
      Locals:         0       0       0       0       0       0
      Temps:          0       0       0       0       0       0
      Totals:         0       0       0       0       0       0
Total ram usage:        0 bytes
 Hardware stack levels used:    1
 Hardware stack levels required when called:    3
 This function calls:
		Nothing
 This function is called by:
		_main
 This function uses a non-reentrant model


 *************** function _initRegisters *****************
 Defined at:
		line 35 in file "main_base.c"
 Parameters:    Size  Location     Type
		None
 Auto vars:     Size  Location     Type
		None
 Return value:  Size  Location     Type
                  1    wreg      void 
 Registers used:
		wreg, status,2
 Tracked objects:
		On entry : 
		On exit  : 
		Unchanged: 
 Data sizes:     COMMON   BANK0   BANK1   BANK2   BANK3   BANK4
      Params:         0       0       0       0       0       0
      Locals:         0       0       0       0       0       0
      Temps:          0       0       0       0       0       0
      Totals:         0       0       0       0       0       0
Total ram usage:        0 bytes
 Hardware stack levels used:    1
 Hardware stack levels required when called:    3
 This function calls:
		Nothing
 This function is called by:
		_main
 This function uses a non-reentrant model


 *************** function _initPWM4 *****************
 Defined at:
		line 186 in file "main_base.c"
 Parameters:    Size  Location     Type
		None
 Auto vars:     Size  Location     Type
		None
 Return value:  Size  Location     Type
                  1    wreg      void 
 Registers used:
		wreg, status,2, status,0, pclath, cstack
 Tracked objects:
		On entry : 
		On exit  : 
		Unchanged: 
 Data sizes:     COMMON   BANK0   BANK1   BANK2   BANK3   BANK4
      Params:         0       0       0       0       0       0
      Locals:         0       0       0       0       0       0
      Temps:          0       1       0       0       0       0
      Totals:         0       1       0       0       0       0
Total ram usage:        1 bytes
 Hardware stack levels used:    1
 Hardware stack levels required when called:    4
 This function calls:
		_setDutyPWM3
 This function is called by:
		_main
 This function uses a non-reentrant model


 *************** function _initPWM3 *****************
 Defined at:
		line 158 in file "main_base.c"
 Parameters:    Size  Location     Type
		None
 Auto vars:     Size  Location     Type
		None
 Return value:  Size  Location     Type
                  1    wreg      void 
 Registers used:
		wreg, status,2, status,0, pclath, cstack
 Tracked objects:
		On entry : 
		On exit  : 
		Unchanged: 
 Data sizes:     COMMON   BANK0   BANK1   BANK2   BANK3   BANK4
      Params:         0       0       0       0       0       0
      Locals:         0       0       0       0       0       0
      Temps:          0       1       0       0       0       0
      Totals:         0       1       0       0       0       0
Total ram usage:        1 bytes
 Hardware stack levels used:    1
 Hardware stack levels required when called:    4
 This function calls:
		_setDutyPWM3
 This function is called by:
		_main
 This function uses a non-reentrant model


 *************** function _setDutyPWM3 *****************
 Defined at:
		line 141 in file "main_base.c"
 Parameters:    Size  Location     Type
  duty            2    0[BANK0 ] unsigned int 
 Auto vars:     Size  Location     Type
		None
 Return value:  Size  Location     Type
                  1    wreg      void 
 Registers used:
		wreg, status,2, status,0
 Tracked objects:
		On entry : 
		On exit  : 
		Unchanged: 
 Data sizes:     COMMON   BANK0   BANK1   BANK2   BANK3   BANK4
      Params:         0       2       0       0       0       0
      Locals:         0       0       0       0       0       0
      Temps:          0       2       0       0       0       0
      Totals:         0       4       0       0       0       0
Total ram usage:        4 bytes
 Hardware stack levels used:    1
 Hardware stack levels required when called:    3
 This function calls:
		Nothing
 This function is called by:
		_initPWM3
		_initPWM4
		_main
 This function uses a non-reentrant model


 *************** function _initPWM2 *****************
 Defined at:
		line 129 in file "main_base.c"
 Parameters:    Size  Location     Type
		None
 Auto vars:     Size  Location     Type
		None
 Return value:  Size  Location     Type
                  1    wreg      void 
 Registers used:
		wreg, status,2, status,0, pclath, cstack
 Tracked objects:
		On entry : 
		On exit  : 
		Unchanged: 
 Data sizes:     COMMON   BANK0   BANK1   BANK2   BANK3   BANK4
      Params:         0       0       0       0       0       0
      Locals:         0       0       0       0       0       0
      Temps:          0       1       0       0       0       0
      Totals:         0       1       0       0       0       0
Total ram usage:        1 bytes
 Hardware stack levels used:    1
 Hardware stack levels required when called:    4
 This function calls:
		_setDutyPWM2
 This function is called by:
		_main
 This function uses a non-reentrant model


 *************** function _setDutyPWM2 *****************
 Defined at:
		line 112 in file "main_base.c"
 Parameters:    Size  Location     Type
  duty            2    0[BANK0 ] unsigned int 
 Auto vars:     Size  Location     Type
		None
 Return value:  Size  Location     Type
                  1    wreg      void 
 Registers used:
		wreg, status,2, status,0
 Tracked objects:
		On entry : 
		On exit  : 
		Unchanged: 
 Data sizes:     COMMON   BANK0   BANK1   BANK2   BANK3   BANK4
      Params:         0       2       0       0       0       0
      Locals:         0       0       0       0       0       0
      Temps:          0       2       0       0       0       0
      Totals:         0       4       0       0       0       0
Total ram usage:        4 bytes
 Hardware stack levels used:    1
 Hardware stack levels required when called:    3
 This function calls:
		Nothing
 This function is called by:
		_initPWM2
		_main
 This function uses a non-reentrant model


 *************** function _initPWM1 *****************
 Defined at:
		line 101 in file "main_base.c"
 Parameters:    Size  Location     Type
		None
 Auto vars:     Size  Location     Type
		None
 Return value:  Size  Location     Type
                  1    wreg      void 
 Registers used:
		wreg, status,2, status,0, pclath, cstack
 Tracked objects:
		On entry : 
		On exit  : 
		Unchanged: 
 Data sizes:     COMMON   BANK0   BANK1   BANK2   BANK3   BANK4
      Params:         0       0       0       0       0       0
      Locals:         0       0       0       0       0       0
      Temps:          0       1       0       0       0       0
      Totals:         0       1       0       0       0       0
Total ram usage:        1 bytes
 Hardware stack levels used:    1
 Hardware stack levels required when called:    4
 This function calls:
		_setDutyPWM1
 This function is called by:
		_main
 This function uses a non-reentrant model


 *************** function _setDutyPWM1 *****************
 Defined at:
		line 84 in file "main_base.c"
 Parameters:    Size  Location     Type
  duty            2    0[BANK0 ] unsigned int 
 Auto vars:     Size  Location     Type
		None
 Return value:  Size  Location     Type
                  1    wreg      void 
 Registers used:
		wreg, status,2, status,0
 Tracked objects:
		On entry : 
		On exit  : 
		Unchanged: 
 Data sizes:     COMMON   BANK0   BANK1   BANK2   BANK3   BANK4
      Params:         0       2       0       0       0       0
      Locals:         0       0       0       0       0       0
      Temps:          0       2       0       0       0       0
      Totals:         0       4       0       0       0       0
Total ram usage:        4 bytes
 Hardware stack levels used:    1
 Hardware stack levels required when called:    3
 This function calls:
		Nothing
 This function is called by:
		_initPWM1
		_main
 This function uses a non-reentrant model


 *************** function _initInt *****************
 Defined at:
		line 197 in file "main_base.c"
 Parameters:    Size  Location     Type
		None
 Auto vars:     Size  Location     Type
		None
 Return value:  Size  Location     Type
                  1    wreg      void 
 Registers used:
		None
 Tracked objects:
		On entry : 
		On exit  : 
		Unchanged: 
 Data sizes:     COMMON   BANK0   BANK1   BANK2   BANK3   BANK4
      Params:         0       0       0       0       0       0
      Locals:         0       0       0       0       0       0
      Temps:          0       0       0       0       0       0
      Totals:         0       0       0       0       0       0
Total ram usage:        0 bytes
 Hardware stack levels used:    1
 Hardware stack levels required when called:    3
 This function calls:
		Nothing
 This function is called by:
		_main
 This function uses a non-reentrant model


 *************** function _initFrequency *****************
 Defined at:
		line 17 in file "main_base.c"
 Parameters:    Size  Location     Type
		None
 Auto vars:     Size  Location     Type
		None
 Return value:  Size  Location     Type
                  1    wreg      void 
 Registers used:
		status,2
 Tracked objects:
		On entry : 
		On exit  : 
		Unchanged: 
 Data sizes:     COMMON   BANK0   BANK1   BANK2   BANK3   BANK4
      Params:         0       0       0       0       0       0
      Locals:         0       0       0       0       0       0
      Temps:          0       0       0       0       0       0
      Totals:         0       0       0       0       0       0
Total ram usage:        0 bytes
 Hardware stack levels used:    1
 Hardware stack levels required when called:    3
 This function calls:
		Nothing
 This function is called by:
		_main
 This function uses a non-reentrant model


 *************** function _ISR *****************
 Defined at:
		line 52 in file "main_v_1_0.c"
 Parameters:    Size  Location     Type
		None
 Auto vars:     Size  Location     Type
		None
 Return value:  Size  Location     Type
                  1    wreg      void 
 Registers used:
		wreg, fsr0l, fsr0h, status,2, status,0, pclath, cstack
 Tracked objects:
		On entry : 
		On exit  : 
		Unchanged: 
 Data sizes:     COMMON   BANK0   BANK1   BANK2   BANK3   BANK4
      Params:         0       0       0       0       0       0
      Locals:         0       0       0       0       0       0
      Temps:          4       0       0       0       0       0
      Totals:         4       0       0       0       0       0
Total ram usage:        4 bytes
 Hardware stack levels used:    1
 Hardware stack levels required when called:    2
 This function calls:
		_getData
		_getPicAddr
		_getSAddr
		_setServo
 This function is called by:
		Interrupt level 1
 This function uses a non-reentrant model


 *************** function _setServo *****************
 Defined at:
		line 35 in file "main_v_1_0.c"
 Parameters:    Size  Location     Type
  id              1    wreg     unsigned char 
  val             1    5[COMMON] unsigned char 
 Auto vars:     Size  Location     Type
  id              1    8[COMMON] unsigned char 
 Return value:  Size  Location     Type
                  1    wreg      void 
 Registers used:
		wreg, fsr0l, fsr0h, status,2, status,0, pclath, cstack
 Tracked objects:
		On entry : 
		On exit  : 
		Unchanged: 
 Data sizes:     COMMON   BANK0   BANK1   BANK2   BANK3   BANK4
      Params:         1       0       0       0       0       0
      Locals:         1       0       0       0       0       0
      Temps:          2       0       0       0       0       0
      Totals:         4       0       0       0       0       0
Total ram usage:        4 bytes
 Hardware stack levels used:    1
 Hardware stack levels required when called:    1
 This function calls:
		i1_setDutyPWM1
		i1_setDutyPWM2
		i1_setDutyPWM3
		i1_setDutyPWM4
 This function is called by:
		_ISR
 This function uses a non-reentrant model


 *************** function i1_setDutyPWM4 *****************
 Defined at:
		line 169 in file "main_base.c"
 Parameters:    Size  Location     Type
  duty            2    0[COMMON] unsigned int 
 Auto vars:     Size  Location     Type
		None
 Return value:  Size  Location     Type
                  1    wreg      void 
 Registers used:
		wreg, status,2, status,0
 Tracked objects:
		On entry : 
		On exit  : 
		Unchanged: 
 Data sizes:     COMMON   BANK0   BANK1   BANK2   BANK3   BANK4
      Params:         2       0       0       0       0       0
      Locals:         0       0       0       0       0       0
      Temps:          2       0       0       0       0       0
      Totals:         4       0       0       0       0       0
Total ram usage:        4 bytes
 Hardware stack levels used:    1
 This function calls:
		Nothing
 This function is called by:
		_setServo
 This function uses a non-reentrant model


 *************** function i1_setDutyPWM3 *****************
 Defined at:
		line 141 in file "main_base.c"
 Parameters:    Size  Location     Type
  duty            2    0[COMMON] unsigned int 
 Auto vars:     Size  Location     Type
		None
 Return value:  Size  Location     Type
                  1    wreg      void 
 Registers used:
		wreg, status,2, status,0
 Tracked objects:
		On entry : 
		On exit  : 
		Unchanged: 
 Data sizes:     COMMON   BANK0   BANK1   BANK2   BANK3   BANK4
      Params:         2       0       0       0       0       0
      Locals:         0       0       0       0       0       0
      Temps:          2       0       0       0       0       0
      Totals:         4       0       0       0       0       0
Total ram usage:        4 bytes
 Hardware stack levels used:    1
 This function calls:
		Nothing
 This function is called by:
		_setServo
 This function uses a non-reentrant model


 *************** function i1_setDutyPWM2 *****************
 Defined at:
		line 112 in file "main_base.c"
 Parameters:    Size  Location     Type
  duty            2    0[COMMON] unsigned int 
 Auto vars:     Size  Location     Type
		None
 Return value:  Size  Location     Type
                  1    wreg      void 
 Registers used:
		wreg, status,2, status,0
 Tracked objects:
		On entry : 
		On exit  : 
		Unchanged: 
 Data sizes:     COMMON   BANK0   BANK1   BANK2   BANK3   BANK4
      Params:         2       0       0       0       0       0
      Locals:         0       0       0       0       0       0
      Temps:          2       0       0       0       0       0
      Totals:         4       0       0       0       0       0
Total ram usage:        4 bytes
 Hardware stack levels used:    1
 This function calls:
		Nothing
 This function is called by:
		_setServo
 This function uses a non-reentrant model


 *************** function i1_setDutyPWM1 *****************
 Defined at:
		line 84 in file "main_base.c"
 Parameters:    Size  Location     Type
  duty            2    0[COMMON] unsigned int 
 Auto vars:     Size  Location     Type
		None
 Return value:  Size  Location     Type
                  1    wreg      void 
 Registers used:
		wreg, status,2, status,0
 Tracked objects:
		On entry : 
		On exit  : 
		Unchanged: 
 Data sizes:     COMMON   BANK0   BANK1   BANK2   BANK3   BANK4
      Params:         2       0       0       0       0       0
      Locals:         0       0       0       0       0       0
      Temps:          2       0       0       0       0       0
      Totals:         4       0       0       0       0       0
Total ram usage:        4 bytes
 Hardware stack levels used:    1
 This function calls:
		Nothing
 This function is called by:
		_setServo
 This function uses a non-reentrant model


 *************** function _getSAddr *****************
 Defined at:
		line 20 in file "main_v_1_0.c"
 Parameters:    Size  Location     Type
  d0              1    wreg     unsigned char 
  d1              1    0[COMMON] unsigned char 
 Auto vars:     Size  Location     Type
  d0              1    2[COMMON] unsigned char 
 Return value:  Size  Location     Type
                  1    wreg      unsigned char 
 Registers used:
		wreg, status,2, status,0
 Tracked objects:
		On entry : 
		On exit  : 
		Unchanged: 
 Data sizes:     COMMON   BANK0   BANK1   BANK2   BANK3   BANK4
      Params:         1       0       0       0       0       0
      Locals:         1       0       0       0       0       0
      Temps:          1       0       0       0       0       0
      Totals:         3       0       0       0       0       0
Total ram usage:        3 bytes
 Hardware stack levels used:    1
 This function calls:
		Nothing
 This function is called by:
		_ISR
 This function uses a non-reentrant model


 *************** function _getPicAddr *****************
 Defined at:
		line 16 in file "main_v_1_0.c"
 Parameters:    Size  Location     Type
  d0              1    wreg     unsigned char 
  d1              1    0[COMMON] unsigned char 
 Auto vars:     Size  Location     Type
  d0              1    2[COMMON] unsigned char 
 Return value:  Size  Location     Type
                  1    wreg      unsigned char 
 Registers used:
		wreg, status,2, status,0
 Tracked objects:
		On entry : 
		On exit  : 
		Unchanged: 
 Data sizes:     COMMON   BANK0   BANK1   BANK2   BANK3   BANK4
      Params:         1       0       0       0       0       0
      Locals:         1       0       0       0       0       0
      Temps:          1       0       0       0       0       0
      Totals:         3       0       0       0       0       0
Total ram usage:        3 bytes
 Hardware stack levels used:    1
 This function calls:
		Nothing
 This function is called by:
		_ISR
 This function uses a non-reentrant model


 *************** function _getData *****************
 Defined at:
		line 28 in file "main_v_1_0.c"
 Parameters:    Size  Location     Type
  d0              1    wreg     unsigned char 
  d1              1    0[COMMON] unsigned char 
 Auto vars:     Size  Location     Type
  d0              1    3[COMMON] unsigned char 
  ret             1    4[COMMON] unsigned char 
 Return value:  Size  Location     Type
                  1    wreg      unsigned char 
 Registers used:
		wreg, status,2, status,0
 Tracked objects:
		On entry : 
		On exit  : 
		Unchanged: 
 Data sizes:     COMMON   BANK0   BANK1   BANK2   BANK3   BANK4
      Params:         1       0       0       0       0       0
      Locals:         2       0       0       0       0       0
      Temps:          2       0       0       0       0       0
      Totals:         5       0       0       0       0       0
Total ram usage:        5 bytes
 Hardware stack levels used:    1
 This function calls:
		Nothing
 This function is called by:
		_ISR
 This function uses a non-reentrant model



MODULE INFORMATION

Module		Function		Class		Link	Load	Size
ringbuffer.c
		_ringbufferInit		CODE           	0373	0000	18

ringbuffer.c estimated size: 18

stdfc.c
		_memset        		CODE           	0323	0000	23

stdfc.c estimated size: 23

main_base.c
		_initInt       		CODE           	03AC	0000	6
		_initTMR6      		CODE           	0398	0000	8
		_initUART      		CODE           	0361	0000	19
		_setDutyPWM1   		CODE           	01A4	0000	54
		_setDutyPWM2   		CODE           	016F	0000	54
		_setDutyPWM3   		CODE           	013A	0000	54
		_setDutyPWM4   		CODE           	0105	0000	54
		_initPWM1      		CODE           	030B	0000	25
		_initPWM2      		CODE           	02C1	0000	27
		_initPWM3      		CODE           	02F3	0000	25
		_initPWM4      		CODE           	02DB	0000	25
		_initVariables 		CODE           	0299	0000	41
		_initRegisters 		CODE           	034E	0000	20
		_initFrequency 		CODE           	039F	0000	8

main_base.c estimated size: 420

shared
		i1_setDutyPWM1 		CODE           	0269	0000	49
		i1_setDutyPWM2 		CODE           	0239	0000	49
		i1_setDutyPWM3 		CODE           	0209	0000	49
		i1_setDutyPWM4 		CODE           	01D9	0000	49
		__initialization		CODE           	006A	0000	32

shared estimated size: 228

main_v_1_0.c
		_getPicAddr    		CODE           	038E	0000	11
		_ISR           		CODE           	0004	0000	101
		_main          		CODE           	008D	0000	64
		_setServo      		CODE           	00CC	0000	58
		_getData       		CODE           	0339	0000	22
		_getSAddr      		CODE           	0384	0000	11

main_v_1_0.c estimated size: 267

